Assuming unrestricted shared filesystem usage.
host: ZorosPC
Building DAG of jobs...
Using shell: /usr/bin/bash
Provided cores: 4
Rules claiming more threads will be scaled down.
Job stats:
job                count
---------------  -------
all                    1
download_fastq         6
download_genome        1
total                  8

Select jobs to execute...
Failed to solve scheduling problem with ILP solver, falling back to greedy scheduler. You likely have to fix your ILP solver installation. Error message: PULP_CBC_CMD: Not Available (check permissions on cbc)
Execute 4 jobs...
[Wed Oct  8 17:40:59 2025]
localrule download_fastq:
    output: fastq_data/samples/SRR9613403_2.fastq.gz
    jobid: 2
    reason: Missing output files: fastq_data/samples/SRR9613403_2.fastq.gz
    wildcards: sample=3403, read=2
    resources: tmpdir=/tmp
[Wed Oct  8 17:40:59 2025]
localrule download_fastq:
    output: fastq_data/samples/SRR9613404_2.fastq.gz
    jobid: 4
    reason: Missing output files: fastq_data/samples/SRR9613404_2.fastq.gz
    wildcards: sample=3404, read=2
    resources: tmpdir=/tmp
[Wed Oct  8 17:40:59 2025]
localrule download_fastq:
    output: fastq_data/samples/SRR9613405_2.fastq.gz
    jobid: 6
    reason: Missing output files: fastq_data/samples/SRR9613405_2.fastq.gz
    wildcards: sample=3405, read=2
    resources: tmpdir=/tmp
[Wed Oct  8 17:40:59 2025]
localrule download_fastq:
    output: fastq_data/samples/SRR9613403_1.fastq.gz
    jobid: 1
    reason: Missing output files: fastq_data/samples/SRR9613403_1.fastq.gz
    wildcards: sample=3403, read=1
    resources: tmpdir=/tmp
RuleException:
CalledProcessError in file "/home/newuser/BIFS619/group_project/BIFS619_GROUP_01/00_rawdata/fastq.smk", line 19:
Command 'set -euo pipefail;  echo 'Downloading fastq_data/samples/SRR9613403_1.fastq.gz' && wget ftp.sra.ebi.ac.uk/vol1/fastq/SRR961/403/SRR9613403/SRR9613403_1.fastq.gz -O fastq_data/samples/SRR9613403_1.fastq.gz' returned non-zero exit status 8.
[Wed Oct  8 17:40:59 2025]
Error in rule download_fastq:
    message: None
    jobid: 1
    output: fastq_data/samples/SRR9613403_1.fastq.gz
    shell:
        echo 'Downloading fastq_data/samples/SRR9613403_1.fastq.gz' && wget ftp.sra.ebi.ac.uk/vol1/fastq/SRR961/403/SRR9613403/SRR9613403_1.fastq.gz -O fastq_data/samples/SRR9613403_1.fastq.gz
        (command exited with non-zero exit code)
RuleException:
CalledProcessError in file "/home/newuser/BIFS619/group_project/BIFS619_GROUP_01/00_rawdata/fastq.smk", line 19:
Command 'set -euo pipefail;  echo 'Downloading fastq_data/samples/SRR9613404_2.fastq.gz' && wget ftp.sra.ebi.ac.uk/vol1/fastq/SRR961/404/SRR9613404/SRR9613404_2.fastq.gz -O fastq_data/samples/SRR9613404_2.fastq.gz' returned non-zero exit status 8.
[Wed Oct  8 17:40:59 2025]
Error in rule download_fastq:
    message: None
    jobid: 4
    output: fastq_data/samples/SRR9613404_2.fastq.gz
    shell:
        echo 'Downloading fastq_data/samples/SRR9613404_2.fastq.gz' && wget ftp.sra.ebi.ac.uk/vol1/fastq/SRR961/404/SRR9613404/SRR9613404_2.fastq.gz -O fastq_data/samples/SRR9613404_2.fastq.gz
        (command exited with non-zero exit code)
RuleException:
CalledProcessError in file "/home/newuser/BIFS619/group_project/BIFS619_GROUP_01/00_rawdata/fastq.smk", line 19:
Command 'set -euo pipefail;  echo 'Downloading fastq_data/samples/SRR9613405_2.fastq.gz' && wget ftp.sra.ebi.ac.uk/vol1/fastq/SRR961/405/SRR9613405/SRR9613405_2.fastq.gz -O fastq_data/samples/SRR9613405_2.fastq.gz' returned non-zero exit status 8.
[Wed Oct  8 17:40:59 2025]
Error in rule download_fastq:
    message: None
    jobid: 6
    output: fastq_data/samples/SRR9613405_2.fastq.gz
    shell:
        echo 'Downloading fastq_data/samples/SRR9613405_2.fastq.gz' && wget ftp.sra.ebi.ac.uk/vol1/fastq/SRR961/405/SRR9613405/SRR9613405_2.fastq.gz -O fastq_data/samples/SRR9613405_2.fastq.gz
        (command exited with non-zero exit code)
RuleException:
CalledProcessError in file "/home/newuser/BIFS619/group_project/BIFS619_GROUP_01/00_rawdata/fastq.smk", line 19:
Command 'set -euo pipefail;  echo 'Downloading fastq_data/samples/SRR9613403_2.fastq.gz' && wget ftp.sra.ebi.ac.uk/vol1/fastq/SRR961/403/SRR9613403/SRR9613403_2.fastq.gz -O fastq_data/samples/SRR9613403_2.fastq.gz' returned non-zero exit status 8.
[Wed Oct  8 17:40:59 2025]
Error in rule download_fastq:
    message: None
    jobid: 2
    output: fastq_data/samples/SRR9613403_2.fastq.gz
    shell:
        echo 'Downloading fastq_data/samples/SRR9613403_2.fastq.gz' && wget ftp.sra.ebi.ac.uk/vol1/fastq/SRR961/403/SRR9613403/SRR9613403_2.fastq.gz -O fastq_data/samples/SRR9613403_2.fastq.gz
        (command exited with non-zero exit code)
Removing output files of failed job download_fastq since they might be corrupted:
fastq_data/samples/SRR9613403_1.fastq.gz
Removing output files of failed job download_fastq since they might be corrupted:
fastq_data/samples/SRR9613404_2.fastq.gz
Removing output files of failed job download_fastq since they might be corrupted:
fastq_data/samples/SRR9613405_2.fastq.gz
Removing output files of failed job download_fastq since they might be corrupted:
fastq_data/samples/SRR9613403_2.fastq.gz
Shutting down, this might take some time.
Exiting because a job execution failed. Look below for error messages
[Wed Oct  8 17:41:00 2025]
Error in rule download_fastq:
    message: None
    jobid: 1
    output: fastq_data/samples/SRR9613403_1.fastq.gz
    shell:
        echo 'Downloading fastq_data/samples/SRR9613403_1.fastq.gz' && wget ftp.sra.ebi.ac.uk/vol1/fastq/SRR961/403/SRR9613403/SRR9613403_1.fastq.gz -O fastq_data/samples/SRR9613403_1.fastq.gz
        (command exited with non-zero exit code)
[Wed Oct  8 17:41:00 2025]
Error in rule download_fastq:
    message: None
    jobid: 2
    output: fastq_data/samples/SRR9613403_2.fastq.gz
    shell:
        echo 'Downloading fastq_data/samples/SRR9613403_2.fastq.gz' && wget ftp.sra.ebi.ac.uk/vol1/fastq/SRR961/403/SRR9613403/SRR9613403_2.fastq.gz -O fastq_data/samples/SRR9613403_2.fastq.gz
        (command exited with non-zero exit code)
[Wed Oct  8 17:41:00 2025]
Error in rule download_fastq:
    message: None
    jobid: 4
    output: fastq_data/samples/SRR9613404_2.fastq.gz
    shell:
        echo 'Downloading fastq_data/samples/SRR9613404_2.fastq.gz' && wget ftp.sra.ebi.ac.uk/vol1/fastq/SRR961/404/SRR9613404/SRR9613404_2.fastq.gz -O fastq_data/samples/SRR9613404_2.fastq.gz
        (command exited with non-zero exit code)
[Wed Oct  8 17:41:00 2025]
Error in rule download_fastq:
    message: None
    jobid: 6
    output: fastq_data/samples/SRR9613405_2.fastq.gz
    shell:
        echo 'Downloading fastq_data/samples/SRR9613405_2.fastq.gz' && wget ftp.sra.ebi.ac.uk/vol1/fastq/SRR961/405/SRR9613405/SRR9613405_2.fastq.gz -O fastq_data/samples/SRR9613405_2.fastq.gz
        (command exited with non-zero exit code)
Complete log(s): /home/newuser/BIFS619/group_project/BIFS619_GROUP_01/00_rawdata/.snakemake/log/2025-10-08T174059.385919.snakemake.log
WorkflowError:
At least one job did not complete successfully.
