Assuming unrestricted shared filesystem usage.
host: ZorosPC
Building DAG of jobs...
Using shell: /usr/bin/bash
Provided cores: 4
Rules claiming more threads will be scaled down.
Job stats:
job                count
---------------  -------
all                    1
download_fastq         1
download_genome        1
total                  3

Select jobs to execute...
Failed to solve scheduling problem with ILP solver, falling back to greedy scheduler. You likely have to fix your ILP solver installation. Error message: PULP_CBC_CMD: Not Available (check permissions on cbc)
Execute 2 jobs...
[Wed Oct  8 18:21:22 2025]
localrule download_fastq:
    output: fastq_data/samples/DOWNLOAD_COMPLETE.txt
    jobid: 1
    reason: Missing output files: fastq_data/samples/DOWNLOAD_COMPLETE.txt
    resources: tmpdir=/tmp
[Wed Oct  8 18:21:22 2025]
localrule download_genome:
    output: fastq_data/reference/NZ_CP076404.1.fasta
    jobid: 2
    reason: Missing output files: fastq_data/reference/NZ_CP076404.1.fasta; Code has changed since last execution
    resources: tmpdir=/tmp
[Wed Oct  8 18:21:22 2025]
Finished jobid: 2 (Rule: download_genome)
1 of 3 steps (33%) done
[Wed Oct  8 18:23:29 2025]
Finished jobid: 1 (Rule: download_fastq)
2 of 3 steps (67%) done
Select jobs to execute...
Execute 1 jobs...
[Wed Oct  8 18:23:29 2025]
localrule all:
    input: fastq_data/samples/DOWNLOAD_COMPLETE.txt, fastq_data/reference/NZ_CP076404.1.fasta
    jobid: 0
    reason: Input files updated by another job: fastq_data/samples/DOWNLOAD_COMPLETE.txt, fastq_data/reference/NZ_CP076404.1.fasta
    resources: tmpdir=/tmp
[Wed Oct  8 18:23:29 2025]
Finished jobid: 0 (Rule: all)
3 of 3 steps (100%) done
Complete log(s): /home/newuser/BIFS619/group_project/BIFS619_GROUP_01/00_rawdata/.snakemake/log/2025-10-08T182122.177678.snakemake.log
